I'm sorry, but errors were detected in your script. Please correct the
errors listed below, and try again.


File "game/MorningChapter/LilithMorning.rpy", line 87: expected menuitem
    show btggf neutral
    ^

Ren'Py Version: Ren'Py 7.4.11.2266
Sat Apr 16 18:58:31 2022
